<?xml version="1.0" encoding="utf-8"?><testsuites name="pytest tests"><testsuite name="pytest" errors="0" failures="0" skipped="0" tests="15" time="63.936" timestamp="2026-07-04T17:58:02.726507-07:00" hostname="denIAls-MACbooK.local"><testcase classname="tests.test_config.TestConfig" name="test_limits_precedence_eval_path" time="0.000" /><testcase classname="tests.test_config.TestConfig" name="test_limits_precedence_eval_path_missing_nodes" time="0.000" /><testcase classname="tests.test_config.TestConfig" name="test_limits_precedence_interactive_path_missing_both" time="0.000" /><testcase classname="tests.test_config.TestConfig" name="test_limits_precedence_interactive_path_movetime" time="0.000" /><testcase classname="tests.test_config.TestConfig" name="test_limits_precedence_interactive_path_nodes_fallback" time="0.000" /><testcase classname="tests.test_config.TestConfig" name="test_verify_engine_invalid_path" time="0.000" /><testcase classname="tests.test_config.TestConfig" name="test_verify_engine_missing_path" time="0.000" /><testcase classname="tests.test_config.TestConfig" name="test_verify_engine_mock_success" time="0.000" /><testcase classname="tests.test_config.TestConfig" name="test_verify_engine_mock_version_mismatch" time="0.000" /><testcase classname="tests.test_config.TestRealStockfish" name="test_real_engine_verification" time="0.165" /><testcase classname="tests.test_mcp_server.TestMcpServerFeatures" name="test_illegal_move_pgn" time="0.001" /><testcase classname="tests.test_mcp_server.TestMcpServerFeatures" name="test_mcp_server_channel_flagging_mocked" time="0.003" /><testcase classname="tests.test_mcp_server.TestMcpServerFeatures" name="test_pgn_parse_failure" time="0.000" /><testcase classname="tests.test_mcp_server.TestMcpServerFeatures" name="test_quiet_concessions_trigger_logic" time="0.001" /><testcase classname="tests.test_mcp_server.TestMcpServerFeatures" name="test_weak_squares_camp_exclusion" time="0.000" /></testsuite></testsuites>